# Info: [9569]: Logging project transcript to file Z:/verilog/lab_3/work/project_1_impl_1/precision.log
# Info: [9569]: Logging suppressed messages transcript to file Z:/verilog/lab_3/work/project_1_impl_1/precision.log.suppressed
# Info: [9552]: Activated implementation project_1_impl_1 in project Z:/verilog/lab_3/work/project_1.psp.
new_project -name project_1 -folder Z:/verilog/lab_3/work -createimpl_name project_1_impl_1
# COMMAND: setup_design -encoding=onehot
setup_design -encoding=onehot
# COMMAND: add_input_file {../lab_3.v}
add_input_file {../lab_3.v}
# COMMAND: setup_design -manufacturer Xilinx -family ARTIX-7 -part 7A35TCPG236 -speed -1
# Info: [15300]: Setting up the design to use synthesis library "xca7.syn"
# Info: [580]: The global max fanout is currently set to 10000 for Xilinx - ARTIX-7.
# Info: [15326]: Setting Part to: "7A35TCPG236".
# Info: [15327]: Setting Process to: "1".
# Info: [7513]: The default input to Vivado place and route has been set to "Verilog".
# Info: [7512]: The place and route tool for current technology is Vivado.
setup_design -manufacturer Xilinx -family ARTIX-7 -part 7A35TCPG236 -speed -1
# COMMAND: setup_design -vivado -max_fanout=10000
# Info: [580]: The global max fanout is currently set to 10000 for Xilinx - ARTIX-7.
# Info: [7512]: The place and route tool for current technology is Vivado.
# Info: [7513]: The default input to Vivado place and route has been set to "Verilog".
setup_design -vivado -max_fanout=10000
# COMMAND: compile
# Info: [3022]: Reading file: D:/MentorGraphics/PS2018.1_64-bit/Mgc_home/pkgs/psr/techlibs/xca7.syn.
# Info: [639]: Loading library initialization file D:/MentorGraphics/PS2018.1_64-bit/Mgc_home/pkgs/psr/userware/xilinx_rename.tcl
# Info: XILINX
# Info: [40000]: hdl-analyze, Release RTLC-Precision 2018a.17
# Info: [42003]: Starting analysis of files in library "work"
# Info: [41002]: Analyzing input file "Z:/verilog/lab_3/work/../lab_3.v" ...
# Info: [664]: Top module of the design is set to: lab_3.
# Info: [662]: Current working directory: Z:/verilog/lab_3/work/project_1_impl_1.
# Info: [40000]: RTLC-Driver, Release RTLC-Precision 2018a.17
# Info: [40000]: Last compiled on Jun 28 2018 15:32:49
# Info: [44512]: Initializing...
# Info: [44504]: Partitioning design ....
# Info: [40000]: RTLCompiler, Release RTLC-Precision 2018a.17
# Info: [40000]: Last compiled on Jun 28 2018 15:52:40
# Info: [44512]: Initializing...
# Info: [44522]: Root Module lab_3: Pre-processing...
# Info: [45144]: Extracted FSM in module lab_3, with state variable = state[2:0], async set/reset state(s) = (none), number of states = 6.
# Info: [45144]: Re-encoding 6 state FSM as "onehot".
# Info: [45144]: FSM: State encoding table.
# Info: [40000]: FSM:	Index	                            Literal	                      Encoding
# Info: [40000]: FSM:	    0	                                000	                        000001
# Info: [40000]: FSM:	    1	                                001	                        000010
# Info: [40000]: FSM:	    2	                                010	                        000100
# Info: [40000]: FSM:	    3	                                011	                        001000
# Info: [40000]: FSM:	    4	                                100	                        010000
# Info: [40000]: FSM:	    5	                                101	                        100000
# Info: [40000]: The default branch of this FSM is being ignored to allow a more optimal implementation. To preserve it, please specify the attribute safe_fsm_type on the state variable
# Info: [44523]: Root Module lab_3: Compiling...
# Info: [44812]: "Z:/verilog/lab_3/work/../lab_3.v", line 20: Sharing register state_fsm[5] (Encoded FSM State Variable for state) with coffee
# Info: [44842]: Compilation successfully completed.
# Info: [44856]: Total lines of RTL compiled: 85.
# Info: [44835]: Total CPU time for compilation: 0.7 secs.
# Info: [44513]: Overall running time for compilation: 7.0 secs.
# Info: [662]: Current working directory: Z:/verilog/lab_3/work/project_1_impl_1.
# Info: [15332]: Doing rtl optimizations.
# Info: [665]: Finished compiling design.
compile
# COMMAND: synthesize
# Info: [662]: Current working directory: Z:/verilog/lab_3/work/project_1_impl_1.
# Warning: [19539]: No debug point is implemented, continuing with the normal synthesis run.
# Info: [15002]: Optimizing design view:.work.lab_3.INTERFACE
# Info: [15002]: Optimizing design view:.work.lab_3.INTERFACE
# Info: [8010]: Gated clock transformations: Begin...
# Info: [8010]: Gated clock transformations: End...
# Info: [8053]: Added global buffer BUFGP for Port port:clk
# Info: [3027]: Writing file: Z:/verilog/lab_3/work/project_1_impl_1/lab_3.edf.
# Info: -- Writing file Z:/verilog/lab_3/work/project_1_impl_1/lab_3.tcl
# Info: [3027]: Writing file: Z:/verilog/lab_3/work/project_1_impl_1/lab_3.xdc.
# Info: [3027]: Writing file: Z:/verilog/lab_3/work/project_1_impl_1/lab_3.v.
# Info: -- Writing file Z:/verilog/lab_3/work/project_1_impl_1/lab_3.tcl
# Info: [665]: Finished synthesizing design.
# Info: [11019]: Total CPU time for synthesis: 0.5 s secs.
# Info: [11020]: Overall running time for synthesis: 2.0 s secs.
synthesize
